Component: ARM Compiler 5.05 update 2 (build 169) Tool: armlink [4d0f33]

==============================================================================

Section Cross References

    startup_gd32f30x_hd.o(STACK) refers (Special) to heapauxi.o(.text) for __use_two_region_memory
    startup_gd32f30x_hd.o(HEAP) refers (Special) to heapauxi.o(.text) for __use_two_region_memory
    startup_gd32f30x_hd.o(RESET) refers (Special) to heapauxi.o(.text) for __use_two_region_memory
    startup_gd32f30x_hd.o(RESET) refers to startup_gd32f30x_hd.o(STACK) for __initial_sp
    startup_gd32f30x_hd.o(RESET) refers to startup_gd32f30x_hd.o(.text) for Reset_Handler
    startup_gd32f30x_hd.o(RESET) refers to gd32f30x_it.o(i.NMI_Handler) for NMI_Handler
    startup_gd32f30x_hd.o(RESET) refers to gd32f30x_it.o(i.HardFault_Handler) for HardFault_Handler
    startup_gd32f30x_hd.o(RESET) refers to gd32f30x_it.o(i.MemManage_Handler) for MemManage_Handler
    startup_gd32f30x_hd.o(RESET) refers to gd32f30x_it.o(i.BusFault_Handler) for BusFault_Handler
    startup_gd32f30x_hd.o(RESET) refers to gd32f30x_it.o(i.UsageFault_Handler) for UsageFault_Handler
    startup_gd32f30x_hd.o(RESET) refers to gd32f30x_it.o(i.SVC_Handler) for SVC_Handler
    startup_gd32f30x_hd.o(RESET) refers to gd32f30x_it.o(i.DebugMon_Handler) for DebugMon_Handler
    startup_gd32f30x_hd.o(RESET) refers to gd32f30x_it.o(i.PendSV_Handler) for PendSV_Handler
    startup_gd32f30x_hd.o(RESET) refers to gd32f30x_it.o(i.SysTick_Handler) for SysTick_Handler
    startup_gd32f30x_hd.o(.text) refers (Special) to heapauxi.o(.text) for __use_two_region_memory
    startup_gd32f30x_hd.o(.text) refers to system_gd32f30x.o(i.SystemInit) for SystemInit
    startup_gd32f30x_hd.o(.text) refers to __main.o(!!!main) for __main
    startup_gd32f30x_hd.o(.text) refers to startup_gd32f30x_hd.o(HEAP) for Heap_Mem
    startup_gd32f30x_hd.o(.text) refers to startup_gd32f30x_hd.o(STACK) for Stack_Mem
    gd32f30x_rcu.o(i.rcu_deinit) refers to gd32f30x_rcu.o(i.rcu_osci_stab_wait) for rcu_osci_stab_wait
    gd32f30x_rcu.o(i.rcu_osci_stab_wait) refers to gd32f30x_rcu.o(i.rcu_flag_get) for rcu_flag_get
    gd32f30x_gpio.o(i.gpio_afio_deinit) refers to gd32f30x_rcu.o(i.rcu_periph_reset_enable) for rcu_periph_reset_enable
    gd32f30x_gpio.o(i.gpio_afio_deinit) refers to gd32f30x_rcu.o(i.rcu_periph_reset_disable) for rcu_periph_reset_disable
    gd32f30x_gpio.o(i.gpio_deinit) refers to gd32f30x_rcu.o(i.rcu_periph_reset_enable) for rcu_periph_reset_enable
    gd32f30x_gpio.o(i.gpio_deinit) refers to gd32f30x_rcu.o(i.rcu_periph_reset_disable) for rcu_periph_reset_disable
    gd32f30x_spi.o(i.i2s_psc_config) refers to gd32f30x_rcu.o(i.rcu_clock_freq_get) for rcu_clock_freq_get
    gd32f30x_spi.o(i.spi_i2s_deinit) refers to gd32f30x_rcu.o(i.rcu_periph_reset_enable) for rcu_periph_reset_enable
    gd32f30x_spi.o(i.spi_i2s_deinit) refers to gd32f30x_rcu.o(i.rcu_periph_reset_disable) for rcu_periph_reset_disable
    system_gd32f30x.o(i.SystemCoreClockUpdate) refers to system_gd32f30x.o(.data) for SystemCoreClock
    system_gd32f30x.o(i.SystemInit) refers to system_gd32f30x.o(i.system_clock_config) for system_clock_config
    system_gd32f30x.o(i.system_clock_config) refers to system_gd32f30x.o(i.system_clock_120m_hxtal) for system_clock_120m_hxtal
    main.o(i.gpio_config) refers to gd32f30x_gpio.o(i.gpio_init) for gpio_init
    main.o(i.main) refers to bsp_delay.o(i.gd_delay_init) for gd_delay_init
    main.o(i.main) refers to main.o(i.rcu_config) for rcu_config
    main.o(i.main) refers to main.o(i.gpio_config) for gpio_config
    main.o(i.main) refers to bsp_gpio.o(i.gd_led_init) for gd_led_init
    main.o(i.main) refers to main.o(i.spi_config) for spi_config
    main.o(i.main) refers to gd32f30x_spi.o(i.spi_enable) for spi_enable
    main.o(i.main) refers to bsp_lcd.o(i.gd_lcd_init) for gd_lcd_init
    main.o(i.main) refers to bsp_lcd.o(i.gd_display_rgb) for gd_display_rgb
    main.o(i.main) refers to bsp_delay.o(i.gd_delay_ms) for gd_delay_ms
    main.o(i.rcu_config) refers to gd32f30x_rcu.o(i.rcu_periph_clock_enable) for rcu_periph_clock_enable
    main.o(i.spi_config) refers to gd32f30x_spi.o(i.spi_init) for spi_init
    gd32f30x_it.o(i.SysTick_Handler) refers to bsp_delay.o(i.delay_decrement) for delay_decrement
    bsp_gpio.o(i.gd_led_init) refers to gd32f30x_rcu.o(i.rcu_periph_clock_enable) for rcu_periph_clock_enable
    bsp_gpio.o(i.gd_led_init) refers to gd32f30x_gpio.o(i.gpio_init) for gpio_init
    bsp_lcd.o(i.gd32_LcdWriCommand) refers to gd32f30x_spi.o(i.spi_i2s_data_transmit) for spi_i2s_data_transmit
    bsp_lcd.o(i.gd32_LcdWriCommand) refers to gd32f30x_spi.o(i.spi_i2s_flag_get) for spi_i2s_flag_get
    bsp_lcd.o(i.gd32_LcdWriData) refers to gd32f30x_spi.o(i.spi_i2s_data_transmit) for spi_i2s_data_transmit
    bsp_lcd.o(i.gd32_LcdWriData) refers to gd32f30x_spi.o(i.spi_i2s_flag_get) for spi_i2s_flag_get
    bsp_lcd.o(i.gd_WriteDAT) refers to bsp_lcd.o(i.gd32_LcdWriData) for gd32_LcdWriData
    bsp_lcd.o(i.gd_display_rgb) refers to bsp_lcd.o(i.gd_WriteDAT) for gd_WriteDAT
    bsp_lcd.o(i.gd_lcd_init) refers to bsp_delay.o(i.gd_delay_ms) for gd_delay_ms
    bsp_lcd.o(i.gd_lcd_init) refers to bsp_lcd.o(i.gd32_LcdWriCommand) for gd32_LcdWriCommand
    bsp_lcd.o(i.gd_lcd_init) refers to bsp_lcd.o(i.gd32_LcdWriData) for gd32_LcdWriData
    bsp_delay.o(i.delay_decrement) refers to bsp_delay.o(.data) for delay
    bsp_delay.o(i.gd_delay_init) refers to bsp_delay.o(i.NVIC_SetPriority) for NVIC_SetPriority
    bsp_delay.o(i.gd_delay_init) refers to system_gd32f30x.o(.data) for SystemCoreClock
    bsp_delay.o(i.gd_delay_ms) refers to bsp_delay.o(.data) for delay
    __main.o(!!!main) refers to __rtentry.o(.ARM.Collect$$rtentry$$00000000) for __rt_entry
    __rtentry.o(.ARM.Collect$$rtentry$$00000000) refers (Special) to __rtentry2.o(.ARM.Collect$$rtentry$$0000000A) for __rt_entry_li
    __rtentry.o(.ARM.Collect$$rtentry$$00000000) refers (Special) to __rtentry2.o(.ARM.Collect$$rtentry$$0000000D) for __rt_entry_main
    __rtentry.o(.ARM.Collect$$rtentry$$00000000) refers (Special) to __rtentry2.o(.ARM.Collect$$rtentry$$0000000C) for __rt_entry_postli_1
    __rtentry.o(.ARM.Collect$$rtentry$$00000000) refers (Special) to __rtentry2.o(.ARM.Collect$$rtentry$$00000009) for __rt_entry_postsh_1
    __rtentry.o(.ARM.Collect$$rtentry$$00000000) refers (Special) to __rtentry2.o(.ARM.Collect$$rtentry$$00000002) for __rt_entry_presh_1
    __rtentry.o(.ARM.Collect$$rtentry$$00000000) refers (Special) to __rtentry4.o(.ARM.Collect$$rtentry$$00000004) for __rt_entry_sh
    __rtentry2.o(.ARM.Collect$$rtentry$$00000008) refers to boardinit2.o(.text) for _platform_post_stackheap_init
    __rtentry2.o(.ARM.Collect$$rtentry$$0000000A) refers to libinit.o(.ARM.Collect$$libinit$$00000000) for __rt_lib_init
    __rtentry2.o(.ARM.Collect$$rtentry$$0000000B) refers to boardinit3.o(.text) for _platform_post_lib_init
    __rtentry2.o(.ARM.Collect$$rtentry$$0000000D) refers to main.o(i.main) for main
    __rtentry2.o(.ARM.Collect$$rtentry$$0000000D) refers to exit.o(.text) for exit
    __rtentry2.o(.ARM.exidx) refers to __rtentry2.o(.ARM.Collect$$rtentry$$00000001) for .ARM.Collect$$rtentry$$00000001
    __rtentry2.o(.ARM.exidx) refers to __rtentry2.o(.ARM.Collect$$rtentry$$00000008) for .ARM.Collect$$rtentry$$00000008
    __rtentry2.o(.ARM.exidx) refers to __rtentry2.o(.ARM.Collect$$rtentry$$0000000A) for .ARM.Collect$$rtentry$$0000000A
    __rtentry2.o(.ARM.exidx) refers to __rtentry2.o(.ARM.Collect$$rtentry$$0000000B) for .ARM.Collect$$rtentry$$0000000B
    __rtentry2.o(.ARM.exidx) refers to __rtentry2.o(.ARM.Collect$$rtentry$$0000000D) for .ARM.Collect$$rtentry$$0000000D
    __rtentry4.o(.ARM.Collect$$rtentry$$00000004) refers to sys_stackheap_outer.o(.text) for __user_setup_stackheap
    __rtentry4.o(.ARM.exidx) refers to __rtentry4.o(.ARM.Collect$$rtentry$$00000004) for .ARM.Collect$$rtentry$$00000004
    sys_stackheap_outer.o(.text) refers to libspace.o(.text) for __user_perproc_libspace
    sys_stackheap_outer.o(.text) refers to startup_gd32f30x_hd.o(.text) for __user_initial_stackheap
    exit.o(.text) refers to rtexit.o(.ARM.Collect$$rtexit$$00000000) for __rt_exit
    libinit.o(.ARM.Collect$$libinit$$00000000) refers (Special) to libinit2.o(.ARM.Collect$$libinit$$0000002E) for __rt_lib_init_alloca_1
    libinit.o(.ARM.Collect$$libinit$$00000000) refers (Special) to libinit2.o(.ARM.Collect$$libinit$$0000002C) for __rt_lib_init_argv_1
    libinit.o(.ARM.Collect$$libinit$$00000000) refers (Special) to libinit2.o(.ARM.Collect$$libinit$$0000001B) for __rt_lib_init_atexit_1
    libinit.o(.ARM.Collect$$libinit$$00000000) refers (Special) to libinit2.o(.ARM.Collect$$libinit$$00000021) for __rt_lib_init_clock_1
    libinit.o(.ARM.Collect$$libinit$$00000000) refers (Special) to libinit2.o(.ARM.Collect$$libinit$$00000032) for __rt_lib_init_cpp_1
    libinit.o(.ARM.Collect$$libinit$$00000000) refers (Special) to libinit2.o(.ARM.Collect$$libinit$$00000030) for __rt_lib_init_exceptions_1
    libinit.o(.ARM.Collect$$libinit$$00000000) refers (Special) to libinit2.o(.ARM.Collect$$libinit$$00000002) for __rt_lib_init_fp_1
    libinit.o(.ARM.Collect$$libinit$$00000000) refers (Special) to libinit2.o(.ARM.Collect$$libinit$$0000001F) for __rt_lib_init_fp_trap_1
    libinit.o(.ARM.Collect$$libinit$$00000000) refers (Special) to libinit2.o(.ARM.Collect$$libinit$$00000023) for __rt_lib_init_getenv_1
    libinit.o(.ARM.Collect$$libinit$$00000000) refers (Special) to libinit2.o(.ARM.Collect$$libinit$$0000000A) for __rt_lib_init_heap_1
    libinit.o(.ARM.Collect$$libinit$$00000000) refers (Special) to libinit2.o(.ARM.Collect$$libinit$$00000011) for __rt_lib_init_lc_collate_1
    libinit.o(.ARM.Collect$$libinit$$00000000) refers (Special) to libinit2.o(.ARM.Collect$$libinit$$00000013) for __rt_lib_init_lc_ctype_1
    libinit.o(.ARM.Collect$$libinit$$00000000) refers (Special) to libinit2.o(.ARM.Collect$$libinit$$00000015) for __rt_lib_init_lc_monetary_1
    libinit.o(.ARM.Collect$$libinit$$00000000) refers (Special) to libinit2.o(.ARM.Collect$$libinit$$00000017) for __rt_lib_init_lc_numeric_1
    libinit.o(.ARM.Collect$$libinit$$00000000) refers (Special) to libinit2.o(.ARM.Collect$$libinit$$00000019) for __rt_lib_init_lc_time_1
    libinit.o(.ARM.Collect$$libinit$$00000000) refers (Special) to libinit2.o(.ARM.Collect$$libinit$$00000004) for __rt_lib_init_preinit_1
    libinit.o(.ARM.Collect$$libinit$$00000000) refers (Special) to libinit2.o(.ARM.Collect$$libinit$$0000000E) for __rt_lib_init_rand_1
    libinit.o(.ARM.Collect$$libinit$$00000000) refers (Special) to libinit2.o(.ARM.Collect$$libinit$$00000033) for __rt_lib_init_return
    libinit.o(.ARM.Collect$$libinit$$00000000) refers (Special) to libinit2.o(.ARM.Collect$$libinit$$0000001D) for __rt_lib_init_signal_1
    libinit.o(.ARM.Collect$$libinit$$00000000) refers (Special) to libinit2.o(.ARM.Collect$$libinit$$00000025) for __rt_lib_init_stdio_1
    libinit.o(.ARM.Collect$$libinit$$00000000) refers (Special) to libinit2.o(.ARM.Collect$$libinit$$0000000C) for __rt_lib_init_user_alloc_1
    libspace.o(.text) refers to libspace.o(.bss) for __libspace_start
    rtexit.o(.ARM.Collect$$rtexit$$00000000) refers (Special) to rtexit2.o(.ARM.Collect$$rtexit$$00000004) for __rt_exit_exit
    rtexit.o(.ARM.Collect$$rtexit$$00000000) refers (Special) to rtexit2.o(.ARM.Collect$$rtexit$$00000003) for __rt_exit_ls
    rtexit.o(.ARM.Collect$$rtexit$$00000000) refers (Special) to rtexit2.o(.ARM.Collect$$rtexit$$00000002) for __rt_exit_prels_1
    rtexit.o(.ARM.exidx) refers (Special) to rtexit2.o(.ARM.Collect$$rtexit$$00000004) for __rt_exit_exit
    rtexit.o(.ARM.exidx) refers (Special) to rtexit2.o(.ARM.Collect$$rtexit$$00000003) for __rt_exit_ls
    rtexit.o(.ARM.exidx) refers (Special) to rtexit2.o(.ARM.Collect$$rtexit$$00000002) for __rt_exit_prels_1
    rtexit.o(.ARM.exidx) refers to rtexit.o(.ARM.Collect$$rtexit$$00000000) for .ARM.Collect$$rtexit$$00000000
    libinit2.o(.ARM.Collect$$libinit$$00000010) refers to libinit2.o(.ARM.Collect$$libinit$$0000000F) for .ARM.Collect$$libinit$$0000000F
    libinit2.o(.ARM.Collect$$libinit$$00000012) refers to libinit2.o(.ARM.Collect$$libinit$$0000000F) for .ARM.Collect$$libinit$$0000000F
    libinit2.o(.ARM.Collect$$libinit$$00000014) refers to libinit2.o(.ARM.Collect$$libinit$$0000000F) for .ARM.Collect$$libinit$$0000000F
    libinit2.o(.ARM.Collect$$libinit$$00000016) refers to libinit2.o(.ARM.Collect$$libinit$$0000000F) for .ARM.Collect$$libinit$$0000000F
    libinit2.o(.ARM.Collect$$libinit$$00000018) refers to libinit2.o(.ARM.Collect$$libinit$$0000000F) for .ARM.Collect$$libinit$$0000000F
    libinit2.o(.ARM.Collect$$libinit$$00000026) refers to argv_veneer.o(.emb_text) for __ARM_argv_veneer
    libinit2.o(.ARM.Collect$$libinit$$00000027) refers to argv_veneer.o(.emb_text) for __ARM_argv_veneer
    rtexit2.o(.ARM.Collect$$rtexit$$00000003) refers to libshutdown.o(.ARM.Collect$$libshutdown$$00000000) for __rt_lib_shutdown
    rtexit2.o(.ARM.Collect$$rtexit$$00000004) refers to sys_exit.o(.text) for _sys_exit
    rtexit2.o(.ARM.exidx) refers to rtexit2.o(.ARM.Collect$$rtexit$$00000001) for .ARM.Collect$$rtexit$$00000001
    rtexit2.o(.ARM.exidx) refers to rtexit2.o(.ARM.Collect$$rtexit$$00000003) for .ARM.Collect$$rtexit$$00000003
    rtexit2.o(.ARM.exidx) refers to rtexit2.o(.ARM.Collect$$rtexit$$00000004) for .ARM.Collect$$rtexit$$00000004
    argv_veneer.o(.emb_text) refers to no_argv.o(.text) for __ARM_get_argv
    sys_exit.o(.text) refers (Special) to use_no_semi.o(.text) for __I$use$semihosting
    sys_exit.o(.text) refers (Special) to indicate_semi.o(.text) for __semihosting_library_function
    _get_argv_nomalloc.o(.text) refers (Special) to hrguard.o(.text) for __heap_region$guard
    _get_argv_nomalloc.o(.text) refers to defsig_rtmem_outer.o(.text) for __rt_SIGRTMEM
    _get_argv_nomalloc.o(.text) refers to sys_command.o(.text) for _sys_command_string
    libshutdown.o(.ARM.Collect$$libshutdown$$00000000) refers (Special) to libshutdown2.o(.ARM.Collect$$libshutdown$$00000006) for __rt_lib_shutdown_fp_trap_1
    libshutdown.o(.ARM.Collect$$libshutdown$$00000000) refers (Special) to libshutdown2.o(.ARM.Collect$$libshutdown$$0000000E) for __rt_lib_shutdown_heap_1
    libshutdown.o(.ARM.Collect$$libshutdown$$00000000) refers (Special) to libshutdown2.o(.ARM.Collect$$libshutdown$$0000000F) for __rt_lib_shutdown_return
    libshutdown.o(.ARM.Collect$$libshutdown$$00000000) refers (Special) to libshutdown2.o(.ARM.Collect$$libshutdown$$00000009) for __rt_lib_shutdown_signal_1
    libshutdown.o(.ARM.Collect$$libshutdown$$00000000) refers (Special) to libshutdown2.o(.ARM.Collect$$libshutdown$$00000003) for __rt_lib_shutdown_stdio_1
    libshutdown.o(.ARM.Collect$$libshutdown$$00000000) refers (Special) to libshutdown2.o(.ARM.Collect$$libshutdown$$0000000B) for __rt_lib_shutdown_user_alloc_1
    sys_command.o(.text) refers (Special) to use_no_semi.o(.text) for __I$use$semihosting
    sys_command.o(.text) refers (Special) to indicate_semi.o(.text) for __semihosting_library_function
    defsig_rtmem_outer.o(.text) refers to defsig_rtmem_inner.o(.text) for __rt_SIGRTMEM_inner
    defsig_rtmem_outer.o(.text) refers to defsig_exit.o(.text) for __sig_exit
    defsig_rtmem_formal.o(.text) refers to rt_raise.o(.text) for __rt_raise
    rt_raise.o(.text) refers to __raise.o(.text) for __raise
    rt_raise.o(.text) refers to sys_exit.o(.text) for _sys_exit
    defsig_exit.o(.text) refers to sys_exit.o(.text) for _sys_exit
    defsig_rtmem_inner.o(.text) refers to defsig_general.o(.text) for __default_signal_display
    __raise.o(.text) refers to defsig.o(CL$$defsig) for __default_signal_handler
    defsig_general.o(.text) refers to sys_wrch.o(.text) for _ttywrch
    sys_wrch.o(.text) refers (Special) to use_no_semi.o(.text) for __I$use$semihosting
    sys_wrch.o(.text) refers (Special) to indicate_semi.o(.text) for __semihosting_library_function
    defsig.o(CL$$defsig) refers to defsig_rtmem_inner.o(.text) for __rt_SIGRTMEM_inner
    defsig_abrt_inner.o(.text) refers to defsig_general.o(.text) for __default_signal_display
    defsig_fpe_inner.o(.text) refers to defsig_general.o(.text) for __default_signal_display
    defsig_rtred_inner.o(.text) refers to defsig_general.o(.text) for __default_signal_display
    defsig_stak_inner.o(.text) refers to defsig_general.o(.text) for __default_signal_display
    defsig_pvfn_inner.o(.text) refers to defsig_general.o(.text) for __default_signal_display
    defsig_cppl_inner.o(.text) refers to defsig_general.o(.text) for __default_signal_display
    defsig_segv_inner.o(.text) refers to defsig_general.o(.text) for __default_signal_display
    defsig_other.o(.text) refers to defsig_general.o(.text) for __default_signal_display


==============================================================================

Removing Unused input sections from the image.

    Removing gd32f30x_rcu.o(.rev16_text), (4 bytes).
    Removing gd32f30x_rcu.o(.revsh_text), (4 bytes).
    Removing gd32f30x_rcu.o(i.rcu_adc_clock_config), (108 bytes).
    Removing gd32f30x_rcu.o(i.rcu_ahb_clock_config), (24 bytes).
    Removing gd32f30x_rcu.o(i.rcu_all_reset_flag_clear), (20 bytes).
    Removing gd32f30x_rcu.o(i.rcu_apb1_clock_config), (24 bytes).
    Removing gd32f30x_rcu.o(i.rcu_apb2_clock_config), (24 bytes).
    Removing gd32f30x_rcu.o(i.rcu_bkp_reset_disable), (20 bytes).
    Removing gd32f30x_rcu.o(i.rcu_bkp_reset_enable), (20 bytes).
    Removing gd32f30x_rcu.o(i.rcu_ck48m_clock_config), (28 bytes).
    Removing gd32f30x_rcu.o(i.rcu_ckout0_config), (24 bytes).
    Removing gd32f30x_rcu.o(i.rcu_clock_freq_get), (344 bytes).
    Removing gd32f30x_rcu.o(i.rcu_deepsleep_voltage_set), (16 bytes).
    Removing gd32f30x_rcu.o(i.rcu_deinit), (72 bytes).
    Removing gd32f30x_rcu.o(i.rcu_flag_get), (36 bytes).
    Removing gd32f30x_rcu.o(i.rcu_hxtal_clock_monitor_disable), (20 bytes).
    Removing gd32f30x_rcu.o(i.rcu_hxtal_clock_monitor_enable), (20 bytes).
    Removing gd32f30x_rcu.o(i.rcu_interrupt_disable), (32 bytes).
    Removing gd32f30x_rcu.o(i.rcu_interrupt_enable), (32 bytes).
    Removing gd32f30x_rcu.o(i.rcu_interrupt_flag_clear), (32 bytes).
    Removing gd32f30x_rcu.o(i.rcu_interrupt_flag_get), (36 bytes).
    Removing gd32f30x_rcu.o(i.rcu_irc8m_adjust_value_set), (28 bytes).
    Removing gd32f30x_rcu.o(i.rcu_lxtal_drive_capability_config), (24 bytes).
    Removing gd32f30x_rcu.o(i.rcu_osci_bypass_mode_disable), (100 bytes).
    Removing gd32f30x_rcu.o(i.rcu_osci_bypass_mode_enable), (100 bytes).
    Removing gd32f30x_rcu.o(i.rcu_osci_off), (32 bytes).
    Removing gd32f30x_rcu.o(i.rcu_osci_on), (32 bytes).
    Removing gd32f30x_rcu.o(i.rcu_osci_stab_wait), (272 bytes).
    Removing gd32f30x_rcu.o(i.rcu_periph_clock_disable), (32 bytes).
    Removing gd32f30x_rcu.o(i.rcu_periph_clock_sleep_disable), (32 bytes).
    Removing gd32f30x_rcu.o(i.rcu_periph_clock_sleep_enable), (32 bytes).
    Removing gd32f30x_rcu.o(i.rcu_periph_reset_disable), (32 bytes).
    Removing gd32f30x_rcu.o(i.rcu_periph_reset_enable), (32 bytes).
    Removing gd32f30x_rcu.o(i.rcu_pll_config), (32 bytes).
    Removing gd32f30x_rcu.o(i.rcu_pllpresel_config), (24 bytes).
    Removing gd32f30x_rcu.o(i.rcu_predv0_config), (32 bytes).
    Removing gd32f30x_rcu.o(i.rcu_rtc_clock_config), (24 bytes).
    Removing gd32f30x_rcu.o(i.rcu_system_clock_source_config), (24 bytes).
    Removing gd32f30x_rcu.o(i.rcu_system_clock_source_get), (16 bytes).
    Removing gd32f30x_rcu.o(i.rcu_usb_clock_config), (24 bytes).
    Removing gd32f30x_gpio.o(.rev16_text), (4 bytes).
    Removing gd32f30x_gpio.o(.revsh_text), (4 bytes).
    Removing gd32f30x_gpio.o(i.gpio_afio_deinit), (20 bytes).
    Removing gd32f30x_gpio.o(i.gpio_bit_reset), (4 bytes).
    Removing gd32f30x_gpio.o(i.gpio_bit_set), (4 bytes).
    Removing gd32f30x_gpio.o(i.gpio_bit_write), (10 bytes).
    Removing gd32f30x_gpio.o(i.gpio_compensation_config), (24 bytes).
    Removing gd32f30x_gpio.o(i.gpio_compensation_flag_get), (24 bytes).
    Removing gd32f30x_gpio.o(i.gpio_deinit), (196 bytes).
    Removing gd32f30x_gpio.o(i.gpio_event_output_config), (28 bytes).
    Removing gd32f30x_gpio.o(i.gpio_event_output_disable), (20 bytes).
    Removing gd32f30x_gpio.o(i.gpio_event_output_enable), (20 bytes).
    Removing gd32f30x_gpio.o(i.gpio_exti_source_select), (152 bytes).
    Removing gd32f30x_gpio.o(i.gpio_input_bit_get), (16 bytes).
    Removing gd32f30x_gpio.o(i.gpio_input_port_get), (8 bytes).
    Removing gd32f30x_gpio.o(i.gpio_output_bit_get), (16 bytes).
    Removing gd32f30x_gpio.o(i.gpio_output_port_get), (8 bytes).
    Removing gd32f30x_gpio.o(i.gpio_pin_lock), (18 bytes).
    Removing gd32f30x_gpio.o(i.gpio_pin_remap_config), (144 bytes).
    Removing gd32f30x_gpio.o(i.gpio_port_write), (4 bytes).
    Removing gd32f30x_misc.o(.rev16_text), (4 bytes).
    Removing gd32f30x_misc.o(.revsh_text), (4 bytes).
    Removing gd32f30x_misc.o(i.nvic_irq_disable), (24 bytes).
    Removing gd32f30x_misc.o(i.nvic_irq_enable), (164 bytes).
    Removing gd32f30x_misc.o(i.nvic_priority_group_set), (20 bytes).
    Removing gd32f30x_misc.o(i.nvic_vector_table_set), (20 bytes).
    Removing gd32f30x_misc.o(i.system_lowpower_reset), (16 bytes).
    Removing gd32f30x_misc.o(i.system_lowpower_set), (16 bytes).
    Removing gd32f30x_misc.o(i.systick_clksource_set), (40 bytes).
    Removing gd32f30x_spi.o(.rev16_text), (4 bytes).
    Removing gd32f30x_spi.o(.revsh_text), (4 bytes).
    Removing gd32f30x_spi.o(i.i2s_disable), (10 bytes).
    Removing gd32f30x_spi.o(i.i2s_enable), (10 bytes).
    Removing gd32f30x_spi.o(i.i2s_init), (28 bytes).
    Removing gd32f30x_spi.o(i.i2s_psc_config), (164 bytes).
    Removing gd32f30x_spi.o(i.qspi_disable), (14 bytes).
    Removing gd32f30x_spi.o(i.qspi_enable), (14 bytes).
    Removing gd32f30x_spi.o(i.qspi_io23_output_disable), (14 bytes).
    Removing gd32f30x_spi.o(i.qspi_io23_output_enable), (14 bytes).
    Removing gd32f30x_spi.o(i.qspi_read_enable), (14 bytes).
    Removing gd32f30x_spi.o(i.qspi_write_enable), (14 bytes).
    Removing gd32f30x_spi.o(i.spi_bidirectional_transfer_config), (26 bytes).
    Removing gd32f30x_spi.o(i.spi_crc_error_clear), (10 bytes).
    Removing gd32f30x_spi.o(i.spi_crc_get), (16 bytes).
    Removing gd32f30x_spi.o(i.spi_crc_next), (10 bytes).
    Removing gd32f30x_spi.o(i.spi_crc_off), (10 bytes).
    Removing gd32f30x_spi.o(i.spi_crc_on), (10 bytes).
    Removing gd32f30x_spi.o(i.spi_crc_polynomial_get), (8 bytes).
    Removing gd32f30x_spi.o(i.spi_crc_polynomial_set), (12 bytes).
    Removing gd32f30x_spi.o(i.spi_disable), (10 bytes).
    Removing gd32f30x_spi.o(i.spi_dma_disable), (22 bytes).
    Removing gd32f30x_spi.o(i.spi_dma_enable), (22 bytes).
    Removing gd32f30x_spi.o(i.spi_i2s_data_frame_format_config), (16 bytes).
    Removing gd32f30x_spi.o(i.spi_i2s_data_receive), (8 bytes).
    Removing gd32f30x_spi.o(i.spi_i2s_deinit), (88 bytes).
    Removing gd32f30x_spi.o(i.spi_i2s_interrupt_disable), (48 bytes).
    Removing gd32f30x_spi.o(i.spi_i2s_interrupt_enable), (48 bytes).
    Removing gd32f30x_spi.o(i.spi_i2s_interrupt_flag_get), (112 bytes).
    Removing gd32f30x_spi.o(i.spi_nss_internal_high), (10 bytes).
    Removing gd32f30x_spi.o(i.spi_nss_internal_low), (10 bytes).
    Removing gd32f30x_spi.o(i.spi_nss_output_disable), (10 bytes).
    Removing gd32f30x_spi.o(i.spi_nss_output_enable), (10 bytes).
    Removing gd32f30x_spi.o(i.spi_nssp_mode_disable), (10 bytes).
    Removing gd32f30x_spi.o(i.spi_nssp_mode_enable), (10 bytes).
    Removing gd32f30x_spi.o(i.spi_ti_mode_disable), (10 bytes).
    Removing gd32f30x_spi.o(i.spi_ti_mode_enable), (10 bytes).
    Removing system_gd32f30x.o(.rev16_text), (4 bytes).
    Removing system_gd32f30x.o(.revsh_text), (4 bytes).
    Removing system_gd32f30x.o(i.SystemCoreClockUpdate), (184 bytes).
    Removing main.o(.rev16_text), (4 bytes).
    Removing main.o(.revsh_text), (4 bytes).
    Removing gd32f30x_it.o(.rev16_text), (4 bytes).
    Removing gd32f30x_it.o(.revsh_text), (4 bytes).
    Removing bsp_gpio.o(.rev16_text), (4 bytes).
    Removing bsp_gpio.o(.revsh_text), (4 bytes).
    Removing bsp_lcd.o(.rev16_text), (4 bytes).
    Removing bsp_lcd.o(.revsh_text), (4 bytes).
    Removing bsp_delay.o(.rev16_text), (4 bytes).
    Removing bsp_delay.o(.revsh_text), (4 bytes).

119 unused section(s) (total 3988 bytes) removed from the image.

==============================================================================

Image Symbol Table

    Local Symbols

    Symbol Name                              Value     Ov Type        Size  Object(Section)

    ../clib/angel/boardlib.s                 0x00000000   Number         0  boardshut.o ABSOLUTE
    ../clib/angel/boardlib.s                 0x00000000   Number         0  boardinit1.o ABSOLUTE
    ../clib/angel/boardlib.s                 0x00000000   Number         0  boardinit2.o ABSOLUTE
    ../clib/angel/boardlib.s                 0x00000000   Number         0  boardinit3.o ABSOLUTE
    ../clib/angel/handlers.s                 0x00000000   Number         0  __scatter_zi.o ABSOLUTE
    ../clib/angel/handlers.s                 0x00000000   Number         0  __scatter_copy.o ABSOLUTE
    ../clib/angel/kernel.s                   0x00000000   Number         0  rtexit.o ABSOLUTE
    ../clib/angel/kernel.s                   0x00000000   Number         0  rtexit2.o ABSOLUTE
    ../clib/angel/kernel.s                   0x00000000   Number         0  __rtentry4.o ABSOLUTE
    ../clib/angel/kernel.s                   0x00000000   Number         0  __rtentry2.o ABSOLUTE
    ../clib/angel/kernel.s                   0x00000000   Number         0  __rtentry.o ABSOLUTE
    ../clib/angel/rt.s                       0x00000000   Number         0  rt_raise.o ABSOLUTE
    ../clib/angel/scatter.s                  0x00000000   Number         0  __scatter.o ABSOLUTE
    ../clib/angel/startup.s                  0x00000000   Number         0  __main.o ABSOLUTE
    ../clib/angel/sys.s                      0x00000000   Number         0  indicate_semi.o ABSOLUTE
    ../clib/angel/sys.s                      0x00000000   Number         0  use_no_semi.o ABSOLUTE
    ../clib/angel/sys.s                      0x00000000   Number         0  libspace.o ABSOLUTE
    ../clib/angel/sys.s                      0x00000000   Number         0  sys_stackheap_outer.o ABSOLUTE
    ../clib/angel/sysapp.c                   0x00000000   Number         0  sys_command.o ABSOLUTE
    ../clib/angel/sysapp.c                   0x00000000   Number         0  sys_exit.o ABSOLUTE
    ../clib/angel/sysapp.c                   0x00000000   Number         0  sys_wrch.o ABSOLUTE
    ../clib/armsys.c                         0x00000000   Number         0  no_argv.o ABSOLUTE
    ../clib/armsys.c                         0x00000000   Number         0  _get_argv_nomalloc.o ABSOLUTE
    ../clib/armsys.c                         0x00000000   Number         0  argv_veneer.o ABSOLUTE
    ../clib/armsys.c                         0x00000000   Number         0  argv_veneer.o ABSOLUTE
    ../clib/heapalloc.c                      0x00000000   Number         0  hrguard.o ABSOLUTE
    ../clib/heapaux.c                        0x00000000   Number         0  heapauxi.o ABSOLUTE
    ../clib/libinit.s                        0x00000000   Number         0  libshutdown.o ABSOLUTE
    ../clib/libinit.s                        0x00000000   Number         0  libinit2.o ABSOLUTE
    ../clib/libinit.s                        0x00000000   Number         0  libinit.o ABSOLUTE
    ../clib/libinit.s                        0x00000000   Number         0  libshutdown2.o ABSOLUTE
    ../clib/signal.c                         0x00000000   Number         0  defsig_other.o ABSOLUTE
    ../clib/signal.c                         0x00000000   Number         0  defsig_segv_inner.o ABSOLUTE
    ../clib/signal.c                         0x00000000   Number         0  defsig_pvfn_inner.o ABSOLUTE
    ../clib/signal.c                         0x00000000   Number         0  defsig_stak_inner.o ABSOLUTE
    ../clib/signal.c                         0x00000000   Number         0  defsig_rtred_inner.o ABSOLUTE
    ../clib/signal.c                         0x00000000   Number         0  defsig_fpe_inner.o ABSOLUTE
    ../clib/signal.c                         0x00000000   Number         0  defsig_abrt_inner.o ABSOLUTE
    ../clib/signal.c                         0x00000000   Number         0  defsig_general.o ABSOLUTE
    ../clib/signal.c                         0x00000000   Number         0  __raise.o ABSOLUTE
    ../clib/signal.c                         0x00000000   Number         0  defsig_rtmem_inner.o ABSOLUTE
    ../clib/signal.c                         0x00000000   Number         0  defsig_exit.o ABSOLUTE
    ../clib/signal.c                         0x00000000   Number         0  defsig_rtmem_formal.o ABSOLUTE
    ../clib/signal.c                         0x00000000   Number         0  defsig_rtmem_outer.o ABSOLUTE
    ../clib/signal.c                         0x00000000   Number         0  defsig_cppl_inner.o ABSOLUTE
    ../clib/signal.s                         0x00000000   Number         0  defsig.o ABSOLUTE
    ../clib/stdlib.c                         0x00000000   Number         0  exit.o ABSOLUTE
    ../fplib/fpinit.s                        0x00000000   Number         0  fpinit.o ABSOLUTE
    ..\GD32F30x_standard_peripheral\Source\gd32f30x_gpio.c 0x00000000   Number         0  gd32f30x_gpio.o ABSOLUTE
    ..\GD32F30x_standard_peripheral\Source\gd32f30x_misc.c 0x00000000   Number         0  gd32f30x_misc.o ABSOLUTE
    ..\GD32F30x_standard_peripheral\Source\gd32f30x_rcu.c 0x00000000   Number         0  gd32f30x_rcu.o ABSOLUTE
    ..\GD32F30x_standard_peripheral\Source\gd32f30x_spi.c 0x00000000   Number         0  gd32f30x_spi.o ABSOLUTE
    ..\Starup\startup_gd32f30x_hd.s          0x00000000   Number         0  startup_gd32f30x_hd.o ABSOLUTE
    ..\SystemClock\system_gd32f30x.c         0x00000000   Number         0  system_gd32f30x.o ABSOLUTE
    ..\SystemRegister\gd32f30x_it.c          0x00000000   Number         0  gd32f30x_it.o ABSOLUTE
    ..\\GD32F30x_standard_peripheral\\Source\\gd32f30x_gpio.c 0x00000000   Number         0  gd32f30x_gpio.o ABSOLUTE
    ..\\GD32F30x_standard_peripheral\\Source\\gd32f30x_misc.c 0x00000000   Number         0  gd32f30x_misc.o ABSOLUTE
    ..\\GD32F30x_standard_peripheral\\Source\\gd32f30x_rcu.c 0x00000000   Number         0  gd32f30x_rcu.o ABSOLUTE
    ..\\GD32F30x_standard_peripheral\\Source\\gd32f30x_spi.c 0x00000000   Number         0  gd32f30x_spi.o ABSOLUTE
    ..\\SystemClock\\system_gd32f30x.c       0x00000000   Number         0  system_gd32f30x.o ABSOLUTE
    ..\\SystemRegister\\gd32f30x_it.c        0x00000000   Number         0  gd32f30x_it.o ABSOLUTE
    ..\\bsp\\src\\bsp_delay.c                0x00000000   Number         0  bsp_delay.o ABSOLUTE
    ..\\bsp\\src\\bsp_gpio.c                 0x00000000   Number         0  bsp_gpio.o ABSOLUTE
    ..\\bsp\\src\\bsp_lcd.c                  0x00000000   Number         0  bsp_lcd.o ABSOLUTE
    ..\bsp\src\bsp_delay.c                   0x00000000   Number         0  bsp_delay.o ABSOLUTE
    ..\bsp\src\bsp_gpio.c                    0x00000000   Number         0  bsp_gpio.o ABSOLUTE
    ..\bsp\src\bsp_lcd.c                     0x00000000   Number         0  bsp_lcd.o ABSOLUTE
    dc.s                                     0x00000000   Number         0  dc.o ABSOLUTE
    main.c                                   0x00000000   Number         0  main.o ABSOLUTE
    main.c                                   0x00000000   Number         0  main.o ABSOLUTE
    RESET                                    0x08000000   Section      304  startup_gd32f30x_hd.o(RESET)
    !!!main                                  0x08000130   Section        8  __main.o(!!!main)
    !!!scatter                               0x08000138   Section       52  __scatter.o(!!!scatter)
    !!handler_copy                           0x0800016c   Section       26  __scatter_copy.o(!!handler_copy)
    !!handler_zi                             0x08000188   Section       28  __scatter_zi.o(!!handler_zi)
    .ARM.Collect$$libinit$$00000000          0x080001a4   Section        2  libinit.o(.ARM.Collect$$libinit$$00000000)
    .ARM.Collect$$libinit$$00000002          0x080001a6   Section        0  libinit2.o(.ARM.Collect$$libinit$$00000002)
    .ARM.Collect$$libinit$$00000004          0x080001a6   Section        0  libinit2.o(.ARM.Collect$$libinit$$00000004)
    .ARM.Collect$$libinit$$0000000A          0x080001a6   Section        0  libinit2.o(.ARM.Collect$$libinit$$0000000A)
    .ARM.Collect$$libinit$$0000000C          0x080001a6   Section        0  libinit2.o(.ARM.Collect$$libinit$$0000000C)
    .ARM.Collect$$libinit$$0000000E          0x080001a6   Section        0  libinit2.o(.ARM.Collect$$libinit$$0000000E)
    .ARM.Collect$$libinit$$00000011          0x080001a6   Section        0  libinit2.o(.ARM.Collect$$libinit$$00000011)
    .ARM.Collect$$libinit$$00000013          0x080001a6   Section        0  libinit2.o(.ARM.Collect$$libinit$$00000013)
    .ARM.Collect$$libinit$$00000015          0x080001a6   Section        0  libinit2.o(.ARM.Collect$$libinit$$00000015)
    .ARM.Collect$$libinit$$00000017          0x080001a6   Section        0  libinit2.o(.ARM.Collect$$libinit$$00000017)
    .ARM.Collect$$libinit$$00000019          0x080001a6   Section        0  libinit2.o(.ARM.Collect$$libinit$$00000019)
    .ARM.Collect$$libinit$$0000001B          0x080001a6   Section        0  libinit2.o(.ARM.Collect$$libinit$$0000001B)
    .ARM.Collect$$libinit$$0000001D          0x080001a6   Section        0  libinit2.o(.ARM.Collect$$libinit$$0000001D)
    .ARM.Collect$$libinit$$0000001F          0x080001a6   Section        0  libinit2.o(.ARM.Collect$$libinit$$0000001F)
    .ARM.Collect$$libinit$$00000021          0x080001a6   Section        0  libinit2.o(.ARM.Collect$$libinit$$00000021)
    .ARM.Collect$$libinit$$00000023          0x080001a6   Section        0  libinit2.o(.ARM.Collect$$libinit$$00000023)
    .ARM.Collect$$libinit$$00000025          0x080001a6   Section        0  libinit2.o(.ARM.Collect$$libinit$$00000025)
    .ARM.Collect$$libinit$$0000002C          0x080001a6   Section        0  libinit2.o(.ARM.Collect$$libinit$$0000002C)
    .ARM.Collect$$libinit$$0000002E          0x080001a6   Section        0  libinit2.o(.ARM.Collect$$libinit$$0000002E)
    .ARM.Collect$$libinit$$00000030          0x080001a6   Section        0  libinit2.o(.ARM.Collect$$libinit$$00000030)
    .ARM.Collect$$libinit$$00000032          0x080001a6   Section        0  libinit2.o(.ARM.Collect$$libinit$$00000032)
    .ARM.Collect$$libinit$$00000033          0x080001a6   Section        2  libinit2.o(.ARM.Collect$$libinit$$00000033)
    .ARM.Collect$$libshutdown$$00000000      0x080001a8   Section        2  libshutdown.o(.ARM.Collect$$libshutdown$$00000000)
    .ARM.Collect$$libshutdown$$00000003      0x080001aa   Section        0  libshutdown2.o(.ARM.Collect$$libshutdown$$00000003)
    .ARM.Collect$$libshutdown$$00000006      0x080001aa   Section        0  libshutdown2.o(.ARM.Collect$$libshutdown$$00000006)
    .ARM.Collect$$libshutdown$$00000009      0x080001aa   Section        0  libshutdown2.o(.ARM.Collect$$libshutdown$$00000009)
    .ARM.Collect$$libshutdown$$0000000B      0x080001aa   Section        0  libshutdown2.o(.ARM.Collect$$libshutdown$$0000000B)
    .ARM.Collect$$libshutdown$$0000000E      0x080001aa   Section        0  libshutdown2.o(.ARM.Collect$$libshutdown$$0000000E)
    .ARM.Collect$$libshutdown$$0000000F      0x080001aa   Section        2  libshutdown2.o(.ARM.Collect$$libshutdown$$0000000F)
    .ARM.Collect$$rtentry$$00000000          0x080001ac   Section        0  __rtentry.o(.ARM.Collect$$rtentry$$00000000)
    .ARM.Collect$$rtentry$$00000002          0x080001ac   Section        0  __rtentry2.o(.ARM.Collect$$rtentry$$00000002)
    .ARM.Collect$$rtentry$$00000004          0x080001ac   Section        6  __rtentry4.o(.ARM.Collect$$rtentry$$00000004)
    .ARM.Collect$$rtentry$$00000009          0x080001b2   Section        0  __rtentry2.o(.ARM.Collect$$rtentry$$00000009)
    .ARM.Collect$$rtentry$$0000000A          0x080001b2   Section        4  __rtentry2.o(.ARM.Collect$$rtentry$$0000000A)
    .ARM.Collect$$rtentry$$0000000C          0x080001b6   Section        0  __rtentry2.o(.ARM.Collect$$rtentry$$0000000C)
    .ARM.Collect$$rtentry$$0000000D          0x080001b6   Section        8  __rtentry2.o(.ARM.Collect$$rtentry$$0000000D)
    .ARM.Collect$$rtexit$$00000000           0x080001be   Section        2  rtexit.o(.ARM.Collect$$rtexit$$00000000)
    .ARM.Collect$$rtexit$$00000002           0x080001c0   Section        0  rtexit2.o(.ARM.Collect$$rtexit$$00000002)
    .ARM.Collect$$rtexit$$00000003           0x080001c0   Section        4  rtexit2.o(.ARM.Collect$$rtexit$$00000003)
    .ARM.Collect$$rtexit$$00000004           0x080001c4   Section        6  rtexit2.o(.ARM.Collect$$rtexit$$00000004)
    .text                                    0x080001cc   Section       64  startup_gd32f30x_hd.o(.text)
    .text                                    0x0800020c   Section        0  heapauxi.o(.text)
    .text                                    0x08000212   Section       74  sys_stackheap_outer.o(.text)
    .text                                    0x0800025c   Section        0  exit.o(.text)
    .text                                    0x08000268   Section        8  libspace.o(.text)
    .text                                    0x08000270   Section        0  sys_exit.o(.text)
    .text                                    0x0800027c   Section        2  use_no_semi.o(.text)
    .text                                    0x0800027e   Section        0  indicate_semi.o(.text)
    i.BusFault_Handler                       0x0800027e   Section        0  gd32f30x_it.o(i.BusFault_Handler)
    i.DebugMon_Handler                       0x08000282   Section        0  gd32f30x_it.o(i.DebugMon_Handler)
    i.HardFault_Handler                      0x08000284   Section        0  gd32f30x_it.o(i.HardFault_Handler)
    i.MemManage_Handler                      0x08000288   Section        0  gd32f30x_it.o(i.MemManage_Handler)
    i.NMI_Handler                            0x0800028c   Section        0  gd32f30x_it.o(i.NMI_Handler)
    i.NVIC_SetPriority                       0x08000290   Section        0  bsp_delay.o(i.NVIC_SetPriority)
    NVIC_SetPriority                         0x08000291   Thumb Code    32  bsp_delay.o(i.NVIC_SetPriority)
    i.PendSV_Handler                         0x080002b8   Section        0  gd32f30x_it.o(i.PendSV_Handler)
    i.SVC_Handler                            0x080002ba   Section        0  gd32f30x_it.o(i.SVC_Handler)
    i.SysTick_Handler                        0x080002bc   Section        0  gd32f30x_it.o(i.SysTick_Handler)
    i.SystemInit                             0x080002c4   Section        0  system_gd32f30x.o(i.SystemInit)
    i.UsageFault_Handler                     0x08000300   Section        0  gd32f30x_it.o(i.UsageFault_Handler)
    i.delay_decrement                        0x08000304   Section        0  bsp_delay.o(i.delay_decrement)
    i.gd32_LcdWriCommand                     0x0800031c   Section        0  bsp_lcd.o(i.gd32_LcdWriCommand)
    gd32_LcdWriCommand                       0x0800031d   Thumb Code    34  bsp_lcd.o(i.gd32_LcdWriCommand)
    i.gd32_LcdWriData                        0x08000348   Section        0  bsp_lcd.o(i.gd32_LcdWriData)
    gd32_LcdWriData                          0x08000349   Thumb Code    34  bsp_lcd.o(i.gd32_LcdWriData)
    i.gd_WriteDAT                            0x08000374   Section        0  bsp_lcd.o(i.gd_WriteDAT)
    gd_WriteDAT                              0x08000375   Thumb Code    20  bsp_lcd.o(i.gd_WriteDAT)
    i.gd_delay_init                          0x08000388   Section        0  bsp_delay.o(i.gd_delay_init)
    i.gd_delay_ms                            0x080003d8   Section        0  bsp_delay.o(i.gd_delay_ms)
    i.gd_display_rgb                         0x080003ec   Section        0  bsp_lcd.o(i.gd_display_rgb)
    i.gd_lcd_init                            0x08000410   Section        0  bsp_lcd.o(i.gd_lcd_init)
    i.gd_led_init                            0x080005f8   Section        0  bsp_gpio.o(i.gd_led_init)
    i.gpio_config                            0x0800061c   Section        0  main.o(i.gpio_config)
    i.gpio_init                              0x08000640   Section        0  gd32f30x_gpio.o(i.gpio_init)
    i.main                                   0x080006e4   Section        0  main.o(i.main)
    i.rcu_config                             0x08000774   Section        0  main.o(i.rcu_config)
    i.rcu_periph_clock_enable                0x08000788   Section        0  gd32f30x_rcu.o(i.rcu_periph_clock_enable)
    i.spi_config                             0x080007a8   Section        0  main.o(i.spi_config)
    i.spi_enable                             0x080007dc   Section        0  gd32f30x_spi.o(i.spi_enable)
    i.spi_i2s_data_transmit                  0x080007e6   Section        0  gd32f30x_spi.o(i.spi_i2s_data_transmit)
    i.spi_i2s_flag_get                       0x080007ea   Section        0  gd32f30x_spi.o(i.spi_i2s_flag_get)
    i.spi_init                               0x080007fa   Section        0  gd32f30x_spi.o(i.spi_init)
    i.system_clock_120m_hxtal                0x0800082c   Section        0  system_gd32f30x.o(i.system_clock_120m_hxtal)
    system_clock_120m_hxtal                  0x0800082d   Thumb Code   256  system_gd32f30x.o(i.system_clock_120m_hxtal)
    i.system_clock_config                    0x0800093c   Section        0  system_gd32f30x.o(i.system_clock_config)
    system_clock_config                      0x0800093d   Thumb Code     8  system_gd32f30x.o(i.system_clock_config)
    .data                                    0x20000000   Section        4  system_gd32f30x.o(.data)
    .data                                    0x20000004   Section        4  bsp_delay.o(.data)
    delay                                    0x20000004   Data           4  bsp_delay.o(.data)
    .bss                                     0x20000008   Section       96  libspace.o(.bss)
    HEAP                                     0x20000068   Section     1024  startup_gd32f30x_hd.o(HEAP)
    Heap_Mem                                 0x20000068   Data        1024  startup_gd32f30x_hd.o(HEAP)
    STACK                                    0x20000468   Section     1024  startup_gd32f30x_hd.o(STACK)
    Stack_Mem                                0x20000468   Data        1024  startup_gd32f30x_hd.o(STACK)
    __initial_sp                             0x20000868   Data           0  startup_gd32f30x_hd.o(STACK)

    Global Symbols

    Symbol Name                              Value     Ov Type        Size  Object(Section)

    BuildAttributes$$THM_ISAv4$E$P$D$K$B$S$7EM$PE$A:L22UL41UL21$X:L11$S22US41US21$IEEE1$IW$USESV6$~STKCKD$USESV7$~SHL$OSPACE$ROPI$EBA8$UX$STANDARDLIB$REQ8$PRES8$EABIv2 0x00000000   Number         0  anon$$obj.o ABSOLUTE
    __ARM_use_no_argv                        0x00000000   Number         0  main.o ABSOLUTE
    __ARM_exceptions_init                     - Undefined Weak Reference
    __alloca_initialize                       - Undefined Weak Reference
    __arm_preinit_                            - Undefined Weak Reference
    __cpp_initialize__aeabi_                  - Undefined Weak Reference
    __cxa_finalize                            - Undefined Weak Reference
    __rt_locale                               - Undefined Weak Reference
    __sigvec_lookup                           - Undefined Weak Reference
    _atexit_init                              - Undefined Weak Reference
    _call_atexit_fns                          - Undefined Weak Reference
    _clock_init                               - Undefined Weak Reference
    _fp_trap_init                             - Undefined Weak Reference
    _fp_trap_shutdown                         - Undefined Weak Reference
    _get_lc_collate                           - Undefined Weak Reference
    _get_lc_ctype                             - Undefined Weak Reference
    _get_lc_monetary                          - Undefined Weak Reference
    _get_lc_numeric                           - Undefined Weak Reference
    _get_lc_time                              - Undefined Weak Reference
    _getenv_init                              - Undefined Weak Reference
    _handle_redirection                       - Undefined Weak Reference
    _init_alloc                               - Undefined Weak Reference
    _init_user_alloc                          - Undefined Weak Reference
    _initio                                   - Undefined Weak Reference
    _rand_init                                - Undefined Weak Reference
    _signal_finish                            - Undefined Weak Reference
    _signal_init                              - Undefined Weak Reference
    _terminate_alloc                          - Undefined Weak Reference
    _terminate_user_alloc                     - Undefined Weak Reference
    _terminateio                              - Undefined Weak Reference
    __Vectors_Size                           0x00000130   Number         0  startup_gd32f30x_hd.o ABSOLUTE
    __Vectors                                0x08000000   Data           4  startup_gd32f30x_hd.o(RESET)
    __Vectors_End                            0x08000130   Data           0  startup_gd32f30x_hd.o(RESET)
    __main                                   0x08000131   Thumb Code     8  __main.o(!!!main)
    __scatterload                            0x08000139   Thumb Code     0  __scatter.o(!!!scatter)
    __scatterload_rt2                        0x08000139   Thumb Code    44  __scatter.o(!!!scatter)
    __scatterload_rt2_thumb_only             0x08000139   Thumb Code     0  __scatter.o(!!!scatter)
    __scatterload_null                       0x08000147   Thumb Code     0  __scatter.o(!!!scatter)
    __scatterload_copy                       0x0800016d   Thumb Code    26  __scatter_copy.o(!!handler_copy)
    __scatterload_zeroinit                   0x08000189   Thumb Code    28  __scatter_zi.o(!!handler_zi)
    __rt_lib_init                            0x080001a5   Thumb Code     0  libinit.o(.ARM.Collect$$libinit$$00000000)
    __rt_lib_init_alloca_1                   0x080001a7   Thumb Code     0  libinit2.o(.ARM.Collect$$libinit$$0000002E)
    __rt_lib_init_argv_1                     0x080001a7   Thumb Code     0  libinit2.o(.ARM.Collect$$libinit$$0000002C)
    __rt_lib_init_atexit_1                   0x080001a7   Thumb Code     0  libinit2.o(.ARM.Collect$$libinit$$0000001B)
    __rt_lib_init_clock_1                    0x080001a7   Thumb Code     0  libinit2.o(.ARM.Collect$$libinit$$00000021)
    __rt_lib_init_cpp_1                      0x080001a7   Thumb Code     0  libinit2.o(.ARM.Collect$$libinit$$00000032)
    __rt_lib_init_exceptions_1               0x080001a7   Thumb Code     0  libinit2.o(.ARM.Collect$$libinit$$00000030)
    __rt_lib_init_fp_1                       0x080001a7   Thumb Code     0  libinit2.o(.ARM.Collect$$libinit$$00000002)
    __rt_lib_init_fp_trap_1                  0x080001a7   Thumb Code     0  libinit2.o(.ARM.Collect$$libinit$$0000001F)
    __rt_lib_init_getenv_1                   0x080001a7   Thumb Code     0  libinit2.o(.ARM.Collect$$libinit$$00000023)
    __rt_lib_init_heap_1                     0x080001a7   Thumb Code     0  libinit2.o(.ARM.Collect$$libinit$$0000000A)
    __rt_lib_init_lc_collate_1               0x080001a7   Thumb Code     0  libinit2.o(.ARM.Collect$$libinit$$00000011)
    __rt_lib_init_lc_ctype_1                 0x080001a7   Thumb Code     0  libinit2.o(.ARM.Collect$$libinit$$00000013)
    __rt_lib_init_lc_monetary_1              0x080001a7   Thumb Code     0  libinit2.o(.ARM.Collect$$libinit$$00000015)
    __rt_lib_init_lc_numeric_1               0x080001a7   Thumb Code     0  libinit2.o(.ARM.Collect$$libinit$$00000017)
    __rt_lib_init_lc_time_1                  0x080001a7   Thumb Code     0  libinit2.o(.ARM.Collect$$libinit$$00000019)
    __rt_lib_init_preinit_1                  0x080001a7   Thumb Code     0  libinit2.o(.ARM.Collect$$libinit$$00000004)
    __rt_lib_init_rand_1                     0x080001a7   Thumb Code     0  libinit2.o(.ARM.Collect$$libinit$$0000000E)
    __rt_lib_init_return                     0x080001a7   Thumb Code     0  libinit2.o(.ARM.Collect$$libinit$$00000033)
    __rt_lib_init_signal_1                   0x080001a7   Thumb Code     0  libinit2.o(.ARM.Collect$$libinit$$0000001D)
    __rt_lib_init_stdio_1                    0x080001a7   Thumb Code     0  libinit2.o(.ARM.Collect$$libinit$$00000025)
    __rt_lib_init_user_alloc_1               0x080001a7   Thumb Code     0  libinit2.o(.ARM.Collect$$libinit$$0000000C)
    __rt_lib_shutdown                        0x080001a9   Thumb Code     0  libshutdown.o(.ARM.Collect$$libshutdown$$00000000)
    __rt_lib_shutdown_fp_trap_1              0x080001ab   Thumb Code     0  libshutdown2.o(.ARM.Collect$$libshutdown$$00000006)
    __rt_lib_shutdown_heap_1                 0x080001ab   Thumb Code     0  libshutdown2.o(.ARM.Collect$$libshutdown$$0000000E)
    __rt_lib_shutdown_return                 0x080001ab   Thumb Code     0  libshutdown2.o(.ARM.Collect$$libshutdown$$0000000F)
    __rt_lib_shutdown_signal_1               0x080001ab   Thumb Code     0  libshutdown2.o(.ARM.Collect$$libshutdown$$00000009)
    __rt_lib_shutdown_stdio_1                0x080001ab   Thumb Code     0  libshutdown2.o(.ARM.Collect$$libshutdown$$00000003)
    __rt_lib_shutdown_user_alloc_1           0x080001ab   Thumb Code     0  libshutdown2.o(.ARM.Collect$$libshutdown$$0000000B)
    __rt_entry                               0x080001ad   Thumb Code     0  __rtentry.o(.ARM.Collect$$rtentry$$00000000)
    __rt_entry_presh_1                       0x080001ad   Thumb Code     0  __rtentry2.o(.ARM.Collect$$rtentry$$00000002)
    __rt_entry_sh                            0x080001ad   Thumb Code     0  __rtentry4.o(.ARM.Collect$$rtentry$$00000004)
    __rt_entry_li                            0x080001b3   Thumb Code     0  __rtentry2.o(.ARM.Collect$$rtentry$$0000000A)
    __rt_entry_postsh_1                      0x080001b3   Thumb Code     0  __rtentry2.o(.ARM.Collect$$rtentry$$00000009)
    __rt_entry_main                          0x080001b7   Thumb Code     0  __rtentry2.o(.ARM.Collect$$rtentry$$0000000D)
    __rt_entry_postli_1                      0x080001b7   Thumb Code     0  __rtentry2.o(.ARM.Collect$$rtentry$$0000000C)
    __rt_exit                                0x080001bf   Thumb Code     0  rtexit.o(.ARM.Collect$$rtexit$$00000000)
    __rt_exit_ls                             0x080001c1   Thumb Code     0  rtexit2.o(.ARM.Collect$$rtexit$$00000003)
    __rt_exit_prels_1                        0x080001c1   Thumb Code     0  rtexit2.o(.ARM.Collect$$rtexit$$00000002)
    __rt_exit_exit                           0x080001c5   Thumb Code     0  rtexit2.o(.ARM.Collect$$rtexit$$00000004)
    Reset_Handler                            0x080001cd   Thumb Code     8  startup_gd32f30x_hd.o(.text)
    ADC0_1_IRQHandler                        0x080001e7   Thumb Code     0  startup_gd32f30x_hd.o(.text)
    ADC2_IRQHandler                          0x080001e7   Thumb Code     0  startup_gd32f30x_hd.o(.text)
    CAN0_EWMC_IRQHandler                     0x080001e7   Thumb Code     0  startup_gd32f30x_hd.o(.text)
    CAN0_RX1_IRQHandler                      0x080001e7   Thumb Code     0  startup_gd32f30x_hd.o(.text)
    DMA0_Channel0_IRQHandler                 0x080001e7   Thumb Code     0  startup_gd32f30x_hd.o(.text)
    DMA0_Channel1_IRQHandler                 0x080001e7   Thumb Code     0  startup_gd32f30x_hd.o(.text)
    DMA0_Channel2_IRQHandler                 0x080001e7   Thumb Code     0  startup_gd32f30x_hd.o(.text)
    DMA0_Channel3_IRQHandler                 0x080001e7   Thumb Code     0  startup_gd32f30x_hd.o(.text)
    DMA0_Channel4_IRQHandler                 0x080001e7   Thumb Code     0  startup_gd32f30x_hd.o(.text)
    DMA0_Channel5_IRQHandler                 0x080001e7   Thumb Code     0  startup_gd32f30x_hd.o(.text)
    DMA0_Channel6_IRQHandler                 0x080001e7   Thumb Code     0  startup_gd32f30x_hd.o(.text)
    DMA1_Channel0_IRQHandler                 0x080001e7   Thumb Code     0  startup_gd32f30x_hd.o(.text)
    DMA1_Channel1_IRQHandler                 0x080001e7   Thumb Code     0  startup_gd32f30x_hd.o(.text)
    DMA1_Channel2_IRQHandler                 0x080001e7   Thumb Code     0  startup_gd32f30x_hd.o(.text)
    DMA1_Channel3_4_IRQHandler               0x080001e7   Thumb Code     0  startup_gd32f30x_hd.o(.text)
    EXMC_IRQHandler                          0x080001e7   Thumb Code     0  startup_gd32f30x_hd.o(.text)
    EXTI0_IRQHandler                         0x080001e7   Thumb Code     0  startup_gd32f30x_hd.o(.text)
    EXTI10_15_IRQHandler                     0x080001e7   Thumb Code     0  startup_gd32f30x_hd.o(.text)
    EXTI1_IRQHandler                         0x080001e7   Thumb Code     0  startup_gd32f30x_hd.o(.text)
    EXTI2_IRQHandler                         0x080001e7   Thumb Code     0  startup_gd32f30x_hd.o(.text)
    EXTI3_IRQHandler                         0x080001e7   Thumb Code     0  startup_gd32f30x_hd.o(.text)
    EXTI4_IRQHandler                         0x080001e7   Thumb Code     0  startup_gd32f30x_hd.o(.text)
    EXTI5_9_IRQHandler                       0x080001e7   Thumb Code     0  startup_gd32f30x_hd.o(.text)
    FMC_IRQHandler                           0x080001e7   Thumb Code     0  startup_gd32f30x_hd.o(.text)
    I2C0_ER_IRQHandler                       0x080001e7   Thumb Code     0  startup_gd32f30x_hd.o(.text)
    I2C0_EV_IRQHandler                       0x080001e7   Thumb Code     0  startup_gd32f30x_hd.o(.text)
    I2C1_ER_IRQHandler                       0x080001e7   Thumb Code     0  startup_gd32f30x_hd.o(.text)
    I2C1_EV_IRQHandler                       0x080001e7   Thumb Code     0  startup_gd32f30x_hd.o(.text)
    LVD_IRQHandler                           0x080001e7   Thumb Code     0  startup_gd32f30x_hd.o(.text)
    RCU_CTC_IRQHandler                       0x080001e7   Thumb Code     0  startup_gd32f30x_hd.o(.text)
    RTC_Alarm_IRQHandler                     0x080001e7   Thumb Code     0  startup_gd32f30x_hd.o(.text)
    RTC_IRQHandler                           0x080001e7   Thumb Code     0  startup_gd32f30x_hd.o(.text)
    SDIO_IRQHandler                          0x080001e7   Thumb Code     0  startup_gd32f30x_hd.o(.text)
    SPI0_IRQHandler                          0x080001e7   Thumb Code     0  startup_gd32f30x_hd.o(.text)
    SPI1_IRQHandler                          0x080001e7   Thumb Code     0  startup_gd32f30x_hd.o(.text)
    SPI2_IRQHandler                          0x080001e7   Thumb Code     0  startup_gd32f30x_hd.o(.text)
    TAMPER_IRQHandler                        0x080001e7   Thumb Code     0  startup_gd32f30x_hd.o(.text)
    TIMER0_BRK_IRQHandler                    0x080001e7   Thumb Code     0  startup_gd32f30x_hd.o(.text)
    TIMER0_Channel_IRQHandler                0x080001e7   Thumb Code     0  startup_gd32f30x_hd.o(.text)
    TIMER0_TRG_CMT_IRQHandler                0x080001e7   Thumb Code     0  startup_gd32f30x_hd.o(.text)
    TIMER0_UP_IRQHandler                     0x080001e7   Thumb Code     0  startup_gd32f30x_hd.o(.text)
    TIMER1_IRQHandler                        0x080001e7   Thumb Code     0  startup_gd32f30x_hd.o(.text)
    TIMER2_IRQHandler                        0x080001e7   Thumb Code     0  startup_gd32f30x_hd.o(.text)
    TIMER3_IRQHandler                        0x080001e7   Thumb Code     0  startup_gd32f30x_hd.o(.text)
    TIMER4_IRQHandler                        0x080001e7   Thumb Code     0  startup_gd32f30x_hd.o(.text)
    TIMER5_IRQHandler                        0x080001e7   Thumb Code     0  startup_gd32f30x_hd.o(.text)
    TIMER6_IRQHandler                        0x080001e7   Thumb Code     0  startup_gd32f30x_hd.o(.text)
    TIMER7_BRK_IRQHandler                    0x080001e7   Thumb Code     0  startup_gd32f30x_hd.o(.text)
    TIMER7_Channel_IRQHandler                0x080001e7   Thumb Code     0  startup_gd32f30x_hd.o(.text)
    TIMER7_TRG_CMT_IRQHandler                0x080001e7   Thumb Code     0  startup_gd32f30x_hd.o(.text)
    TIMER7_UP_IRQHandler                     0x080001e7   Thumb Code     0  startup_gd32f30x_hd.o(.text)
    UART3_IRQHandler                         0x080001e7   Thumb Code     0  startup_gd32f30x_hd.o(.text)
    UART4_IRQHandler                         0x080001e7   Thumb Code     0  startup_gd32f30x_hd.o(.text)
    USART0_IRQHandler                        0x080001e7   Thumb Code     0  startup_gd32f30x_hd.o(.text)
    USART1_IRQHandler                        0x080001e7   Thumb Code     0  startup_gd32f30x_hd.o(.text)
    USART2_IRQHandler                        0x080001e7   Thumb Code     0  startup_gd32f30x_hd.o(.text)
    USBD_HP_CAN0_TX_IRQHandler               0x080001e7   Thumb Code     0  startup_gd32f30x_hd.o(.text)
    USBD_LP_CAN0_RX0_IRQHandler              0x080001e7   Thumb Code     0  startup_gd32f30x_hd.o(.text)
    USBD_WKUP_IRQHandler                     0x080001e7   Thumb Code     0  startup_gd32f30x_hd.o(.text)
    WWDGT_IRQHandler                         0x080001e7   Thumb Code     0  startup_gd32f30x_hd.o(.text)
    __user_initial_stackheap                 0x080001e9   Thumb Code    10  startup_gd32f30x_hd.o(.text)
    __use_two_region_memory                  0x0800020d   Thumb Code     2  heapauxi.o(.text)
    __rt_heap_escrow$2region                 0x0800020f   Thumb Code     2  heapauxi.o(.text)
    __rt_heap_expand$2region                 0x08000211   Thumb Code     2  heapauxi.o(.text)
    __user_setup_stackheap                   0x08000213   Thumb Code    74  sys_stackheap_outer.o(.text)
    exit                                     0x0800025d   Thumb Code    12  exit.o(.text)
    __user_libspace                          0x08000269   Thumb Code     8  libspace.o(.text)
    __user_perproc_libspace                  0x08000269   Thumb Code     0  libspace.o(.text)
    __user_perthread_libspace                0x08000269   Thumb Code     0  libspace.o(.text)
    _sys_exit                                0x08000271   Thumb Code     8  sys_exit.o(.text)
    __I$use$semihosting                      0x0800027d   Thumb Code     0  use_no_semi.o(.text)
    __use_no_semihosting_swi                 0x0800027d   Thumb Code     2  use_no_semi.o(.text)
    BusFault_Handler                         0x0800027f   Thumb Code     4  gd32f30x_it.o(i.BusFault_Handler)
    __semihosting_library_function           0x0800027f   Thumb Code     0  indicate_semi.o(.text)
    DebugMon_Handler                         0x08000283   Thumb Code     2  gd32f30x_it.o(i.DebugMon_Handler)
    HardFault_Handler                        0x08000285   Thumb Code     4  gd32f30x_it.o(i.HardFault_Handler)
    MemManage_Handler                        0x08000289   Thumb Code     4  gd32f30x_it.o(i.MemManage_Handler)
    NMI_Handler                              0x0800028d   Thumb Code     2  gd32f30x_it.o(i.NMI_Handler)
    PendSV_Handler                           0x080002b9   Thumb Code     2  gd32f30x_it.o(i.PendSV_Handler)
    SVC_Handler                              0x080002bb   Thumb Code     2  gd32f30x_it.o(i.SVC_Handler)
    SysTick_Handler                          0x080002bd   Thumb Code     8  gd32f30x_it.o(i.SysTick_Handler)
    SystemInit                               0x080002c5   Thumb Code    52  system_gd32f30x.o(i.SystemInit)
    UsageFault_Handler                       0x08000301   Thumb Code     4  gd32f30x_it.o(i.UsageFault_Handler)
    delay_decrement                          0x08000305   Thumb Code    18  bsp_delay.o(i.delay_decrement)
    gd_delay_init                            0x08000389   Thumb Code    74  bsp_delay.o(i.gd_delay_init)
    gd_delay_ms                              0x080003d9   Thumb Code    16  bsp_delay.o(i.gd_delay_ms)
    gd_display_rgb                           0x080003ed   Thumb Code    34  bsp_lcd.o(i.gd_display_rgb)
    gd_lcd_init                              0x08000411   Thumb Code   480  bsp_lcd.o(i.gd_lcd_init)
    gd_led_init                              0x080005f9   Thumb Code    32  bsp_gpio.o(i.gd_led_init)
    gpio_config                              0x0800061d   Thumb Code    30  main.o(i.gpio_config)
    gpio_init                                0x08000641   Thumb Code   164  gd32f30x_gpio.o(i.gpio_init)
    main                                     0x080006e5   Thumb Code   132  main.o(i.main)
    rcu_config                               0x08000775   Thumb Code    20  main.o(i.rcu_config)
    rcu_periph_clock_enable                  0x08000789   Thumb Code    28  gd32f30x_rcu.o(i.rcu_periph_clock_enable)
    spi_config                               0x080007a9   Thumb Code    46  main.o(i.spi_config)
    spi_enable                               0x080007dd   Thumb Code    10  gd32f30x_spi.o(i.spi_enable)
    spi_i2s_data_transmit                    0x080007e7   Thumb Code     4  gd32f30x_spi.o(i.spi_i2s_data_transmit)
    spi_i2s_flag_get                         0x080007eb   Thumb Code    16  gd32f30x_spi.o(i.spi_i2s_flag_get)
    spi_init                                 0x080007fb   Thumb Code    50  gd32f30x_spi.o(i.spi_init)
    Region$$Table$$Base                      0x08000944   Number         0  anon$$obj.o(Region$$Table)
    Region$$Table$$Limit                     0x08000964   Number         0  anon$$obj.o(Region$$Table)
    SystemCoreClock                          0x20000000   Data           4  system_gd32f30x.o(.data)
    __libspace_start                         0x20000008   Data          96  libspace.o(.bss)
    __temporary_stack_top$libspace           0x20000068   Data           0  libspace.o(.bss)



==============================================================================

Memory Map of the image

  Image Entry point : 0x08000131

  Load Region LR_IROM1 (Base: 0x08000000, Size: 0x0000096c, Max: 0x00080000, ABSOLUTE)

    Execution Region ER_IROM1 (Base: 0x08000000, Size: 0x00000964, Max: 0x00080000, ABSOLUTE)

    Base Addr    Size         Type   Attr      Idx    E Section Name        Object

    0x08000000   0x00000130   Data   RO            3    RESET               startup_gd32f30x_hd.o
    0x08000130   0x00000008   Code   RO         1060  * !!!main             c_w.l(__main.o)
    0x08000138   0x00000034   Code   RO         1216    !!!scatter          c_w.l(__scatter.o)
    0x0800016c   0x0000001a   Code   RO         1218    !!handler_copy      c_w.l(__scatter_copy.o)
    0x08000186   0x00000002   PAD
    0x08000188   0x0000001c   Code   RO         1220    !!handler_zi        c_w.l(__scatter_zi.o)
    0x080001a4   0x00000002   Code   RO         1087    .ARM.Collect$$libinit$$00000000  c_w.l(libinit.o)
    0x080001a6   0x00000000   Code   RO         1094    .ARM.Collect$$libinit$$00000002  c_w.l(libinit2.o)
    0x080001a6   0x00000000   Code   RO         1096    .ARM.Collect$$libinit$$00000004  c_w.l(libinit2.o)
    0x080001a6   0x00000000   Code   RO         1099    .ARM.Collect$$libinit$$0000000A  c_w.l(libinit2.o)
    0x080001a6   0x00000000   Code   RO         1101    .ARM.Collect$$libinit$$0000000C  c_w.l(libinit2.o)
    0x080001a6   0x00000000   Code   RO         1103    .ARM.Collect$$libinit$$0000000E  c_w.l(libinit2.o)
    0x080001a6   0x00000000   Code   RO         1106    .ARM.Collect$$libinit$$00000011  c_w.l(libinit2.o)
    0x080001a6   0x00000000   Code   RO         1108    .ARM.Collect$$libinit$$00000013  c_w.l(libinit2.o)
    0x080001a6   0x00000000   Code   RO         1110    .ARM.Collect$$libinit$$00000015  c_w.l(libinit2.o)
    0x080001a6   0x00000000   Code   RO         1112    .ARM.Collect$$libinit$$00000017  c_w.l(libinit2.o)
    0x080001a6   0x00000000   Code   RO         1114    .ARM.Collect$$libinit$$00000019  c_w.l(libinit2.o)
    0x080001a6   0x00000000   Code   RO         1116    .ARM.Collect$$libinit$$0000001B  c_w.l(libinit2.o)
    0x080001a6   0x00000000   Code   RO         1118    .ARM.Collect$$libinit$$0000001D  c_w.l(libinit2.o)
    0x080001a6   0x00000000   Code   RO         1120    .ARM.Collect$$libinit$$0000001F  c_w.l(libinit2.o)
    0x080001a6   0x00000000   Code   RO         1122    .ARM.Collect$$libinit$$00000021  c_w.l(libinit2.o)
    0x080001a6   0x00000000   Code   RO         1124    .ARM.Collect$$libinit$$00000023  c_w.l(libinit2.o)
    0x080001a6   0x00000000   Code   RO         1126    .ARM.Collect$$libinit$$00000025  c_w.l(libinit2.o)
    0x080001a6   0x00000000   Code   RO         1130    .ARM.Collect$$libinit$$0000002C  c_w.l(libinit2.o)
    0x080001a6   0x00000000   Code   RO         1132    .ARM.Collect$$libinit$$0000002E  c_w.l(libinit2.o)
    0x080001a6   0x00000000   Code   RO         1134    .ARM.Collect$$libinit$$00000030  c_w.l(libinit2.o)
    0x080001a6   0x00000000   Code   RO         1136    .ARM.Collect$$libinit$$00000032  c_w.l(libinit2.o)
    0x080001a6   0x00000002   Code   RO         1137    .ARM.Collect$$libinit$$00000033  c_w.l(libinit2.o)
    0x080001a8   0x00000002   Code   RO         1157    .ARM.Collect$$libshutdown$$00000000  c_w.l(libshutdown.o)
    0x080001aa   0x00000000   Code   RO         1171    .ARM.Collect$$libshutdown$$00000003  c_w.l(libshutdown2.o)
    0x080001aa   0x00000000   Code   RO         1174    .ARM.Collect$$libshutdown$$00000006  c_w.l(libshutdown2.o)
    0x080001aa   0x00000000   Code   RO         1177    .ARM.Collect$$libshutdown$$00000009  c_w.l(libshutdown2.o)
    0x080001aa   0x00000000   Code   RO         1179    .ARM.Collect$$libshutdown$$0000000B  c_w.l(libshutdown2.o)
    0x080001aa   0x00000000   Code   RO         1182    .ARM.Collect$$libshutdown$$0000000E  c_w.l(libshutdown2.o)
    0x080001aa   0x00000002   Code   RO         1183    .ARM.Collect$$libshutdown$$0000000F  c_w.l(libshutdown2.o)
    0x080001ac   0x00000000   Code   RO         1062    .ARM.Collect$$rtentry$$00000000  c_w.l(__rtentry.o)
    0x080001ac   0x00000000   Code   RO         1064    .ARM.Collect$$rtentry$$00000002  c_w.l(__rtentry2.o)
    0x080001ac   0x00000006   Code   RO         1076    .ARM.Collect$$rtentry$$00000004  c_w.l(__rtentry4.o)
    0x080001b2   0x00000000   Code   RO         1066    .ARM.Collect$$rtentry$$00000009  c_w.l(__rtentry2.o)
    0x080001b2   0x00000004   Code   RO         1067    .ARM.Collect$$rtentry$$0000000A  c_w.l(__rtentry2.o)
    0x080001b6   0x00000000   Code   RO         1069    .ARM.Collect$$rtentry$$0000000C  c_w.l(__rtentry2.o)
    0x080001b6   0x00000008   Code   RO         1070    .ARM.Collect$$rtentry$$0000000D  c_w.l(__rtentry2.o)
    0x080001be   0x00000002   Code   RO         1091    .ARM.Collect$$rtexit$$00000000  c_w.l(rtexit.o)
    0x080001c0   0x00000000   Code   RO         1139    .ARM.Collect$$rtexit$$00000002  c_w.l(rtexit2.o)
    0x080001c0   0x00000004   Code   RO         1140    .ARM.Collect$$rtexit$$00000003  c_w.l(rtexit2.o)
    0x080001c4   0x00000006   Code   RO         1141    .ARM.Collect$$rtexit$$00000004  c_w.l(rtexit2.o)
    0x080001ca   0x00000002   PAD
    0x080001cc   0x00000040   Code   RO            4    .text               startup_gd32f30x_hd.o
    0x0800020c   0x00000006   Code   RO         1058    .text               c_w.l(heapauxi.o)
    0x08000212   0x0000004a   Code   RO         1078    .text               c_w.l(sys_stackheap_outer.o)
    0x0800025c   0x0000000c   Code   RO         1080    .text               c_w.l(exit.o)
    0x08000268   0x00000008   Code   RO         1088    .text               c_w.l(libspace.o)
    0x08000270   0x0000000c   Code   RO         1149    .text               c_w.l(sys_exit.o)
    0x0800027c   0x00000002   Code   RO         1160    .text               c_w.l(use_no_semi.o)
    0x0800027e   0x00000000   Code   RO         1162    .text               c_w.l(indicate_semi.o)
    0x0800027e   0x00000004   Code   RO          883    i.BusFault_Handler  gd32f30x_it.o
    0x08000282   0x00000002   Code   RO          884    i.DebugMon_Handler  gd32f30x_it.o
    0x08000284   0x00000004   Code   RO          885    i.HardFault_Handler  gd32f30x_it.o
    0x08000288   0x00000004   Code   RO          886    i.MemManage_Handler  gd32f30x_it.o
    0x0800028c   0x00000002   Code   RO          887    i.NMI_Handler       gd32f30x_it.o
    0x0800028e   0x00000002   PAD
    0x08000290   0x00000028   Code   RO         1015    i.NVIC_SetPriority  bsp_delay.o
    0x080002b8   0x00000002   Code   RO          888    i.PendSV_Handler    gd32f30x_it.o
    0x080002ba   0x00000002   Code   RO          889    i.SVC_Handler       gd32f30x_it.o
    0x080002bc   0x00000008   Code   RO          890    i.SysTick_Handler   gd32f30x_it.o
    0x080002c4   0x0000003c   Code   RO          795    i.SystemInit        system_gd32f30x.o
    0x08000300   0x00000004   Code   RO          891    i.UsageFault_Handler  gd32f30x_it.o
    0x08000304   0x00000018   Code   RO         1016    i.delay_decrement   bsp_delay.o
    0x0800031c   0x0000002c   Code   RO          974    i.gd32_LcdWriCommand  bsp_lcd.o
    0x08000348   0x0000002c   Code   RO          975    i.gd32_LcdWriData   bsp_lcd.o
    0x08000374   0x00000014   Code   RO          976    i.gd_WriteDAT       bsp_lcd.o
    0x08000388   0x00000050   Code   RO         1017    i.gd_delay_init     bsp_delay.o
    0x080003d8   0x00000014   Code   RO         1018    i.gd_delay_ms       bsp_delay.o
    0x080003ec   0x00000022   Code   RO          977    i.gd_display_rgb    bsp_lcd.o
    0x0800040e   0x00000002   PAD
    0x08000410   0x000001e8   Code   RO          978    i.gd_lcd_init       bsp_lcd.o
    0x080005f8   0x00000024   Code   RO          954    i.gd_led_init       bsp_gpio.o
    0x0800061c   0x00000024   Code   RO          836    i.gpio_config       main.o
    0x08000640   0x000000a4   Code   RO          373    i.gpio_init         gd32f30x_gpio.o
    0x080006e4   0x00000090   Code   RO          837    i.main              main.o
    0x08000774   0x00000014   Code   RO          838    i.rcu_config        main.o
    0x08000788   0x00000020   Code   RO           39    i.rcu_periph_clock_enable  gd32f30x_rcu.o
    0x080007a8   0x00000034   Code   RO          839    i.spi_config        main.o
    0x080007dc   0x0000000a   Code   RO          567    i.spi_enable        gd32f30x_spi.o
    0x080007e6   0x00000004   Code   RO          570    i.spi_i2s_data_transmit  gd32f30x_spi.o
    0x080007ea   0x00000010   Code   RO          572    i.spi_i2s_flag_get  gd32f30x_spi.o
    0x080007fa   0x00000032   Code   RO          576    i.spi_init          gd32f30x_spi.o
    0x0800082c   0x00000110   Code   RO          796    i.system_clock_120m_hxtal  system_gd32f30x.o
    0x0800093c   0x00000008   Code   RO          797    i.system_clock_config  system_gd32f30x.o
    0x08000944   0x00000020   Data   RO         1214    Region$$Table       anon$$obj.o


    Execution Region RW_IRAM1 (Base: 0x20000000, Size: 0x00000868, Max: 0x00010000, ABSOLUTE)

    Base Addr    Size         Type   Attr      Idx    E Section Name        Object

    0x20000000   0x00000004   Data   RW          798    .data               system_gd32f30x.o
    0x20000004   0x00000004   Data   RW         1019    .data               bsp_delay.o
    0x20000008   0x00000060   Zero   RW         1089    .bss                c_w.l(libspace.o)
    0x20000068   0x00000400   Zero   RW            2    HEAP                startup_gd32f30x_hd.o
    0x20000468   0x00000400   Zero   RW            1    STACK               startup_gd32f30x_hd.o


==============================================================================

Image component sizes


      Code (inc. data)   RO Data    RW Data    ZI Data      Debug   Object Name

       164         24          0          4          0      26215   bsp_delay.o
        36          4          0          0          0        426   bsp_gpio.o
       630         28          0          0          0       2647   bsp_lcd.o
       164          0          0          0          0        836   gd32f30x_gpio.o
        32          0          0          0          0       3834   gd32f30x_it.o
        32          4          0          0          0      32990   gd32f30x_rcu.o
        80          0          0          0          0       2875   gd32f30x_spi.o
       252         24          0          0          0       1711   main.o
        64         26        304          0       2048        864   startup_gd32f30x_hd.o
       340         24          0          4          0       1687   system_gd32f30x.o

    ----------------------------------------------------------------------
      1798        134        336          8       2048      74085   Object Totals
         0          0         32          0          0          0   (incl. Generated)
         4          0          0          0          0          0   (incl. Padding)

    ----------------------------------------------------------------------

      Code (inc. data)   RO Data    RW Data    ZI Data      Debug   Library Member Name

         8          0          0          0          0         68   __main.o
         0          0          0          0          0          0   __rtentry.o
        12          0          0          0          0          0   __rtentry2.o
         6          0          0          0          0          0   __rtentry4.o
        52          8          0          0          0          0   __scatter.o
        26          0          0          0          0          0   __scatter_copy.o
        28          0          0          0          0          0   __scatter_zi.o
        12          0          0          0          0         72   exit.o
         6          0          0          0          0        152   heapauxi.o
         0          0          0          0          0          0   indicate_semi.o
         2          0          0          0          0          0   libinit.o
         2          0          0          0          0          0   libinit2.o
         2          0          0          0          0          0   libshutdown.o
         2          0          0          0          0          0   libshutdown2.o
         8          4          0          0         96         68   libspace.o
         2          0          0          0          0          0   rtexit.o
        10          0          0          0          0          0   rtexit2.o
        12          4          0          0          0         68   sys_exit.o
        74          0          0          0          0         80   sys_stackheap_outer.o
         2          0          0          0          0         68   use_no_semi.o

    ----------------------------------------------------------------------
       270         16          0          0         96        576   Library Totals
         4          0          0          0          0          0   (incl. Padding)

    ----------------------------------------------------------------------

      Code (inc. data)   RO Data    RW Data    ZI Data      Debug   Library Name

       266         16          0          0         96        576   c_w.l

    ----------------------------------------------------------------------
       270         16          0          0         96        576   Library Totals

    ----------------------------------------------------------------------

==============================================================================


      Code (inc. data)   RO Data    RW Data    ZI Data      Debug   

      2068        150        336          8       2144      73045   Grand Totals
      2068        150        336          8       2144      73045   ELF Image Totals
      2068        150        336          8          0          0   ROM Totals

==============================================================================

    Total RO  Size (Code + RO Data)                 2404 (   2.35kB)
    Total RW  Size (RW Data + ZI Data)              2152 (   2.10kB)
    Total ROM Size (Code + RO Data + RW Data)       2412 (   2.36kB)

==============================================================================

