<html>
<body>
<pre>
<h1>µVision Build Log</h1>
<h2>Tool Versions:</h2>
IDE-Version: ¦ÌVision V5.15
Copyright (C) 2015 ARM Ltd and ARM Germany GmbH. All rights reserved.
License Information: huangjie18 Microsoft, Microsoft, LIC=GE72Z-J1B51-HP4ZN-YB5S8-LD2AH-93K8B
 
Tool Versions:
Toolchain:       MDK-ARM Professional  Version: 5.15.0
Toolchain Path:  C:\Keil_v5\ARM\ARMCC\Bin
C Compiler:      Armcc.exe V5.05 update 2 (build 169)
Assembler:       Armasm.exe V5.05 update 2 (build 169)
Linker/Locator:  ArmLink.exe V5.05 update 2 (build 169)
Library Manager: ArmAr.exe V5.05 update 2 (build 169)
Hex Converter:   FromElf.exe V5.05 update 2 (build 169)
CPU DLL:         SARMCM3.DLL V5.15.0
Dialog DLL:      DCM.DLL V1.13.2.0
Target DLL:      STLink\ST-LINKIII-KEIL_SWO.dll V2.0.15.0_KEIL
Dialog DLL:      TCM.DLL V1.14.5.0
 
<h2>Project:</h2>
D:\GitHub\GD32F303VE\GD32F303-GPIO-2\User\GPIO.uvproj
Project File Date:  07/03/2018

<h2>Output:</h2>
*** Using Compiler 'V5.05 update 2 (build 169)', folder: 'C:\Keil_v5\ARM\ARMCC\Bin'
Build target 'Target 1'
compiling main.c...
main.c(95): warning:  #1-D: last line of file ends without a newline
  //}
main.c: 1 warning, 0 errors
linking...
Program Size: Code=2068 RO-data=336 RW-data=8 ZI-data=2144  
FromELF: creating hex file...
".\Objects\GPIO.axf" - 0 Error(s), 1 Warning(s).
</pre>
</body>
</html>
